componentstree.dfm
componentstree.dfm
componentstree.dfm
componentstree.dfm
componentstree.dfm
componentstree.dfm
componentstree.dfm
componentstree.dfm
componentstree.dfm
componentstree.dfm
componentstree.dfm
componentstree.dfm
componentstree.dfm
componentstree.dfm
componentstree.dfm
componentstree.dfm
componentstree.dfm
componentstree.dfm
componentstree.dfm
componentstree.dfm
componentstree.dfm
confirmremove.dfm
confirmremove.dfm
confirmremove.dfm
confirmremove.dfm
confirmremove.dfm
confirmremove.dfm
confirmremove.dfm
confirmremove.dfm
confirmremove.dfm
confirmremove.dfm
destination.dfm
destination.dfm
destination.dfm
destination.dfm
destination.dfm
destination.dfm
destination.dfm
destination.dfm
destination.dfm
destination.dfm
destination.dfm
destination.dfm
destination.dfm
destination.dfm
destination.dfm
destination.dfm
destination.dfm
destination.dfm
destination.dfm
finish.dfm
finish.dfm
finish.dfm
finish.dfm
finish.dfm
finish.dfm
finish.dfm
finish.dfm
finish.dfm
finish.dfm
finish.dfm
finish.dfm
finish.dfm
finish.dfm
finish.dfm
finish.dfm
finish.dfm
finish.dfm
finish.dfm
licensecheck.dfm
licensecheck.dfm
licensecheck.dfm
licensecheck.dfm
licensecheck.dfm
licensecheck.dfm
licensecheck.dfm
licensecheck.dfm
licensecheck.dfm
maintenance.dfm
maintenance.dfm
maintenance.dfm
maintenance.dfm
maintenance.dfm
maintenance.dfm
maintenance.dfm
maintenance.dfm
maintenance.dfm
maintenance.dfm
maintenance.dfm
maintenance.dfm
maintenance.dfm
prereq.dfm
prereq.dfm
prereq.dfm
prereq.dfm
prereq.dfm
prereq.dfm
prereq.dfm
prereq.dfm
prereq.dfm
prereq.dfm
prereq.dfm
prereq.dfm
prereq.dfm
prereq.dfm
prereq.dfm
prereq.dfm
prereq.dfm
prereq.dfm
prereq.dfm
progress.dfm
progress.dfm
progress.dfm
progress.dfm
progress.dfm
progress.dfm
progress.dfm
progress.dfm
progress.dfm
progress.dfm
progressprereq.dfm
progressprereq.dfm
progressprereq.dfm
progressprereq.dfm
progressprereq.dfm
progressprereq.dfm
progressprereq.dfm
progressprereq.dfm
readme.dfm
readme.dfm
readme.dfm
readme.dfm
readme.dfm
readme.dfm
readme.dfm
readme.dfm
readme.dfm
readme.dfm
registration.dfm
registration.dfm
registration.dfm
registration.dfm
registration.dfm
registration.dfm
registration.dfm
registration.dfm
registration.dfm
registration.dfm
registration.dfm
registration.dfm
registration.dfm
registration.dfm
registrationwithserial.dfm
registrationwithserial.dfm
registrationwithserial.dfm
registrationwithserial.dfm
registrationwithserial.dfm
registrationwithserial.dfm
registrationwithserial.dfm
registrationwithserial.dfm
registrationwithserial.dfm
registrationwithserial.dfm
registrationwithserial.dfm
registrationwithserial.dfm
registrationwithserial.dfm
registrationwithserial.dfm
registrationwithserial.dfm
registrationwithserial.dfm
registrationwithserial.dfm
registrationwithserial.dfm
registrationwithserial.dfm
registrationwithserial.dfm
registrationwithserial.dfm
setuptype.dfm
setuptype.dfm
setuptype.dfm
setuptype.dfm
setuptype.dfm
setuptype.dfm
setuptype.dfm
setuptype.dfm
setuptype.dfm
setuptype.dfm
setuptype.dfm
setuptype.dfm
setuptype.dfm
setuptype.dfm
setuptype.dfm
setuptype.dfm
setuptype.dfm
startinstallation.dfm
startinstallation.dfm
startinstallation.dfm
startinstallation.dfm
startinstallation.dfm
startinstallation.dfm
startinstallation.dfm
startinstallation.dfm
startinstallation.dfm
startinstallation.dfm
startinstallation.dfm
startmenu.dfm
startmenu.dfm
startmenu.dfm
startmenu.dfm
startmenu.dfm
startmenu.dfm
startmenu.dfm
startmenu.dfm
startmenu.dfm
startmenu.dfm
startmenu.dfm
startmenu.dfm
startmenu.dfm
startmenu.dfm
startmenu.dfm
startmenu.dfm
welcome.dfm
welcome.dfm
welcome.dfm
welcome.dfm
welcome.dfm
welcome.dfm
welcome.dfm
welcome.dfm
welcome.dfm
welcome.dfm
welcome.dfm
welcome.dfm
wizard.dfm
wizard.dfm
wizard.dfm
wizard.dfm
wizard.dfm
wizard.dfm
wizard.dfm
wizard.dfm
wizard.dfm
wizard.dfm
SetVariable
SetVariable
SetVariable
SetVariable
SetVariable
SetVariable
SetVariable
SetVariable
SetVariable
SetVariable
SetVariable
SetVariable
SetVariable
SetVariable
SetVariable
SetVariable
SetVariable
SetVariable
SetVariable
SetVariable
SetVariable
SetVariable
SetVariable
SetVariable
SetVariable
SetVariable
SetVariable
SetVariable
SetVariable
SetVariable
SetVariable
SetVariable
SetVariable
SetVariable
SetVariable
SetVariable
SetVariable
SetVariable
SetVariable
SetVariable
SetVariable
SetVariable
SetVariable
SetVariable
SetVariable
SetVariable
SetVariable
SetVariable
SetVariable
SetVariable
SetVariable
SetVariable
SetVariable
SetVariable
SetVariable
SetVariable
SetVariable
SetVariable
SetVariable
SetVariable
SetVariable
SetVariable
SetVariable
SetVariable
SetVariable
SetVariable
SetVariable
SetVariable
SetVariable
SetVariable
SetVariable
SetVariable
SetVariable
SetVariable
SetVariable
SetVariable
SetVariable
SetVariable
SetVariable
SetVariable
SetVariable
SetVariable
SetVariable
SetVariable
SetVariable
SetVariable
SetVariable
SetVariable
SetVariable
SetVariable
SetVariable
SetVariable
SetVariable
SetVariable
SetVariable
SetVariable
SetVariable
SetVariable
SetVariable
SetVariable
SetVariable
SetVariable
SetVariable
SetVariable
SetVariable
SetVariable
SetVariable
SetVariable
SetVariable
SetVariable
SetVariable
SetVariable
SetVariable
SetVariable
SetVariable
SetVariable
SetVariable
SetVariable
SetVariable
SetVariable
SetVariable
SetVariable
SetVariable
SetVariable
SetVariable
SetVariable
SetVariable
SetVariable
SetVariable
SetVariable
SetVariable
SetVariable
SetVariable
SetVariable
SetVariable
SetVariable
SetVariable
SetVariable
SetVariable
SetVariable
SetVariable
SetVariable
SetVariable
SetVariable
SetVariable
SetVariable
SetVariable
SetVariable
SetVariable
SetVariable
SetVariable
SetVariable
SetVariable
SetVariable
SetVariable
SetVariable
SetVariable
SetVariable
SetVariable
SetVariable
SetVariable
SetVariable
SetVariable
SetVariable
SetVariable
SetVariable
SetVariable
SetVariable
SetVariable
SetVariable
SetVariable
SetVariable
SetVariable
SetVariable
SetVariable
SetVariable
SetVariable
SetVariable
SetVariable
SetVariable
SetVariable
SetVariable
SetVariable
SetVariable
SetVariable
SetVariable
SetVariable
SetVariable
SetVariable
SetVariable
SetVariable
SetVariable
SetVariable
SetVariable
SetVariable
SetVariable
SetVariable
SetVariable
SetVariable
SetVariable
SetVariable
SetVariable
SetVariable
SetVariable
SetVariable
SetVariable
SetVariable
SetVariable
SetVariable
SetVariable
SetVariable
SetVariable
SetVariable
SetVariable
SetVariable
SetVariable
SetVariable
SetVariable
SetVariable
SetVariable
SetVariable
SetVariable
SetVariable
SetVariable
SetVariable
SetVariable
SetVariable
SetVariable
SetVariable
SetVariable
SetVariable
SetVariable
SetVariable
SetVariable
SetVariable
SetVariable
SetVariable
SetVariable
SetVariable
SetVariable
SetVariable
SetVariable
SetVariable
SetVariable
SetVariable
SetVariable
SetVariable
SetVariable
SetVariable
SetVariable
SetVariable
SetVariable
SetVariable
SetVariable
SetVariable
SetVariable
SetVariable
Shortcut
Shortcut
Shortcut
Shortcut
Shortcut
Shortcut
Shortcut
Shortcut
Shortcut
Shortcut
Shortcut
Shortcut
Shortcut
Shortcut
Shortcut
Shortcut
Shortcut
Shortcut
Shortcut
Shortcut
Shortcut
Shortcut
Shortcut
Shortcut
Shortcut
Shortcut
Shortcut
Shortcut
Shortcut
Shortcut
Shortcut
Shortcut
Shortcut
Shortcut
Shortcut
Shortcut
Shortcut
Shortcut
Shortcut
Shortcut
Shortcut
Shortcut
Shortcut
Shortcut
Shortcut
Shortcut
Shortcut
Shortcut
Shortcut
Shortcut
Shortcut
Shortcut
xMessageBox
xMessageBox
xMessageBox
xMessageBox
xMessageBox
xMessageBox
xMessageBox
xMessageBox
xMessageBox
xMessageBox
xMessageBox
xMessageBox
xMessageBox
xMessageBox
xMessageBox
xMessageBox
xMessageBox
xMessageBox
xMessageBox
xMessageBox
If
If
If
If
If
If
If
If
If
If
If
If
If
If
If
If
If
If
If
If
If
If
If
If
If
If
If
If
If
If
If
If
If
If
If
If
If
If
If
If
If
If
If
If
If
If
If
If
If
If
If
If
If
If
If
If
If
If
If
If
If
If
If
If
If
If
If
If
If
If
If
If
If
If
If
If
If
If
If
If
If
If
If
If
If
If
If
If
If
If
If
If
If
If
If
If
If
If
If
If
If
If
If
If
If
If
If
If
If
If
If
If
If
If
If
If
If
If
If
If
If
If
If
If
If
If
If
If
If
If
If
If
If
If
If
If
If
If
If
If
If
If
If
If
If
If
If
If
If
If
If
If
If
If
If
If
If
If
If
If
If
If
If
If
If
If
If
If
If
If
If
If
If
If
If
If
If
If
If
If
If
If
If
If
If
If
If
If
If
If
If
If
If
If
If
If
If
If
MessageBalloon
MessageBalloon
MessageBalloon
MessageBalloon
MessageBalloon
MessageBalloon
MessageBalloon
MessageBalloon
MessageBalloon
MessageBalloon
MessageBalloon
MessageBalloon
MessageBalloon
MessageBalloon
MessageBalloon
MessageBalloon
MessageBalloon
MessageBalloon
MessageBalloon
MessageBalloon
MessageBalloon
MessageBalloon
MessageBalloon
MessageBalloon
MessageBalloon
MessageBalloon
MessageBalloon
MessageBalloon
MessageBalloon
MessageBalloon
MessageBalloon
MessageBalloon
MessageBalloon
MessageBalloon
MessageBalloon
MessageBalloon
MessageBalloon
MessageBalloon
MessageBalloon
MessageBalloon
MessageBalloon
MessageBalloon
MessageBalloon
MessageBalloon
SetVariable
SetVariable
SetVariable
SetVariable
xMessageBox
xMessageBox
xMessageBox
xMessageBox
xMessageBox
xMessageBox
If
If
If
If
If
If
If
If
If
If
If
If
If
If
SetVariable
SetVariable
SetVariable
xMessageBox
xMessageBox
xMessageBox
xMessageBox
If
If
If
If
If
If
If
If
If
If
SetVariable
SetVariable
SetVariable
xMessageBox
xMessageBox
xMessageBox
xMessageBox
If
If
If
If
If
If
If
If
SetVariable
SetVariable
SetVariable
SetVariable
SetVariable
SetVariable
SetVariable
SetVariable
SetVariable
xMessageBox
xMessageBox
xMessageBox
xMessageBox
xMessageBox
xMessageBox
xMessageBox
xMessageBox
If
If
If
If
If
If
If
If
If
If
If
If
If
If
If
If
If
If
If
If
SetVariable
SetVariable
SetVariable
SetVariable
SetVariable
SetVariable
xMessageBox
xMessageBox
xMessageBox
xMessageBox
xMessageBox
xMessageBox
xMessageBox
xMessageBox
xMessageBox
xMessageBox
xMessageBox
xMessageBox
xMessageBox
xMessageBox
xMessageBox
xMessageBox
If
If
If
If
If
If
If
If
If
If
If
If
If
If
If
If
If
If
If
If
If
If
If
If
If
If
If
If
If
If
If
If
If
If
If
If
If
If
SetVariable
SetVariable
SetVariable
SetVariable
SetVariable
xMessageBox
xMessageBox
xMessageBox
xMessageBox
xMessageBox
xMessageBox
If
If
If
If
If
If
If
If
If
If
If
If
SetVariable
SetVariable
SetVariable
SetVariable
SetVariable
SetVariable
xMessageBox
xMessageBox
xMessageBox
xMessageBox
xMessageBox
xMessageBox
xMessageBox
xMessageBox
xMessageBox
xMessageBox
xMessageBox
xMessageBox
xMessageBox
xMessageBox
xMessageBox
xMessageBox
If
If
If
If
If
If
If
If
If
If
If
If
If
If
If
If
If
If
If
If
If
If
If
If
If
If
If
If
If
If
If
If
If
If
If
If
If
If
If
If
SetVariable
SetVariable
SetVariable
SetVariable
SetVariable
xMessageBox
xMessageBox
xMessageBox
xMessageBox
xMessageBox
xMessageBox
If
If
If
If
If
If
If
If
If
If
If
If
